acute
apparent
balance
barbigerous
blatant
blue
bounce
brainy
bright
brilliant
bump
cheerful
clean
clear
clever
crinite
crinose
crude
cutting
definite
delighted
dim
distinct
edged
equable
equalize
even
evident
faint
feeble
fine
flaring
garish
gentl
glad
glaring
hairy
happy
harmonize
hirsute
hustle
jar
jostle
jounce
keen
knifelike
loud
low
manifest
obstrusive
obvious
ostensible
pain
palpable
patent
perpicuous
plain
pleased
plumb
poignant
pure
regular
screaming
self-evident
sharp
sheer
smart
soft
symmetrize
uniform
veritable
vulgar
weak
